2025-05-08 00:08:42.416 [warning] Dir "/home/gianordomolina10/.pixi/envs" is not watchable (directory does not exist)
2025-05-08 00:08:42.416 [info] Starting Environment refresh
2025-05-08 00:08:42.416 [info] Searching for interpreters in posix paths locator
2025-05-08 00:08:42.416 [info] Searching for pyenv environments
2025-05-08 00:08:42.416 [info] Searching for conda environments
2025-05-08 00:08:42.416 [info] Searching for global virtual environments
2025-05-08 00:08:42.416 [info] Searching for custom virtual environments
2025-05-08 00:08:42.416 [info] pyenv is not installed
2025-05-08 00:08:42.416 [info] Finished searching for pyenv environments: 44 milliseconds
2025-05-08 00:08:42.416 [info] Finished searching for custom virtual envs: 42 milliseconds
2025-05-08 00:08:42.416 [info] > conda info --json
2025-05-08 00:08:42.416 [info] > hatch env show --json
2025-05-08 00:08:42.416 [info] cwd: .
2025-05-08 00:08:42.416 [info] > pyenv which python
2025-05-08 00:08:42.416 [info] cwd: .
2025-05-08 00:08:42.416 [info] Finished searching for global virtual envs: 148 milliseconds
2025-05-08 00:08:42.425 [info] Found: /bin/python --> /bin/python3.12
2025-05-08 00:08:42.434 [info] Found: /bin/python3 --> /bin/python3.12
2025-05-08 00:08:42.439 [info] Found: /bin/python3.12 --> /bin/python3.12
2025-05-08 00:08:42.830 [info] Found: /usr/bin/python --> /usr/bin/python3.12
2025-05-08 00:08:42.849 [info] Found: /usr/bin/python3 --> /usr/bin/python3.12
2025-05-08 00:08:42.854 [info] Found: /usr/bin/python3.12 --> /usr/bin/python3.12
2025-05-08 00:08:43.192 [info] Finished searching for interpreters in posix paths locator: 939 milliseconds
2025-05-08 00:08:43.192 [info] > /bin/python -I /google/devshell/editor/code-oss-for-cloud-shell/extensions/ms-python.python/python_files/get_output_via_markers.py /google/devshell/editor/code-oss-for-cloud-shell/extensions/ms-python.python/python_files/interpreterInfo.py
2025-05-08 00:08:43.264 [info] > /usr/bin/python -I /google/devshell/editor/code-oss-for-cloud-shell/extensions/ms-python.python/python_files/get_output_via_markers.py /google/devshell/editor/code-oss-for-cloud-shell/extensions/ms-python.python/python_files/interpreterInfo.py
2025-05-08 00:08:43.264 [info] Environments refresh paths discovered (event): 1041 milliseconds
2025-05-08 00:08:43.264 [info] Environments refresh paths discovered: 1041 milliseconds
2025-05-08 00:08:43.438 [info] Environments refresh finished (event): 1215 milliseconds
2025-05-08 00:08:43.462 [info] Environment refresh took 1239 milliseconds
2025-05-08 00:08:43.471 [info] Python interpreter path: /bin/python
2025-05-08 00:08:47.020 [info] Starting Jedi language server for gianordomolina10.
