2025-05-07 23:16:00.242 [info] [main] Log level: Info
2025-05-07 23:16:00.242 [info] [main] Validating found git in: "git"
2025-05-07 23:16:00.242 [info] [main] Using git "2.43.0" from "git"
2025-05-07 23:16:00.242 [info] [Model][doInitialScan] Initial repository scan started
2025-05-07 23:16:00.242 [info] > git rev-parse --show-toplevel [1715ms]
2025-05-07 23:16:00.242 [info] fatal: not a git repository (or any parent up to mount point /)
Stopping at filesystem boundary (GIT_DISCOVERY_ACROSS_FILESYSTEM not set).
2025-05-07 23:16:00.244 [info] > git rev-parse --show-toplevel [2ms]
2025-05-07 23:16:00.244 [info] fatal: not a git repository (or any parent up to mount point /)
Stopping at filesystem boundary (GIT_DISCOVERY_ACROSS_FILESYSTEM not set).
2025-05-07 23:16:00.251 [info] > git rev-parse --show-toplevel [2ms]
2025-05-07 23:16:00.251 [info] fatal: not a git repository (or any parent up to mount point /)
Stopping at filesystem boundary (GIT_DISCOVERY_ACROSS_FILESYSTEM not set).
2025-05-07 23:16:00.259 [info] > git rev-parse --show-toplevel [3ms]
2025-05-07 23:16:00.259 [info] fatal: not a git repository (or any parent up to mount point /)
Stopping at filesystem boundary (GIT_DISCOVERY_ACROSS_FILESYSTEM not set).
2025-05-07 23:16:00.267 [info] > git rev-parse --show-toplevel [2ms]
2025-05-07 23:16:00.267 [info] fatal: not a git repository (or any parent up to mount point /)
Stopping at filesystem boundary (GIT_DISCOVERY_ACROSS_FILESYSTEM not set).
2025-05-07 23:16:00.275 [info] > git rev-parse --show-toplevel [2ms]
2025-05-07 23:16:00.275 [info] fatal: not a git repository (or any parent up to mount point /)
Stopping at filesystem boundary (GIT_DISCOVERY_ACROSS_FILESYSTEM not set).
2025-05-07 23:16:00.282 [info] > git rev-parse --show-toplevel [2ms]
2025-05-07 23:16:00.282 [info] fatal: not a git repository (or any parent up to mount point /)
Stopping at filesystem boundary (GIT_DISCOVERY_ACROSS_FILESYSTEM not set).
2025-05-07 23:16:00.283 [info] [Model][doInitialScan] Initial repository scan completed - repositories (0), closed repositories (0), parent repositories (0), unsafe repositories (0)
2025-05-07 23:16:03.426 [info] > git rev-parse --show-toplevel [14ms]
2025-05-07 23:16:03.427 [info] fatal: not a git repository (or any parent up to mount point /)
Stopping at filesystem boundary (GIT_DISCOVERY_ACROSS_FILESYSTEM not set).
2025-05-07 23:16:23.880 [info] > git rev-parse --show-toplevel [22ms]
2025-05-07 23:16:23.880 [info] fatal: not a git repository (or any parent up to mount point /)
Stopping at filesystem boundary (GIT_DISCOVERY_ACROSS_FILESYSTEM not set).
2025-05-07 23:19:09.849 [info] > git rev-parse --show-toplevel [2ms]
2025-05-07 23:19:09.850 [info] fatal: not a git repository (or any parent up to mount point /)
Stopping at filesystem boundary (GIT_DISCOVERY_ACROSS_FILESYSTEM not set).
